V3 3
FL E:/Uni/term7/FPGA/Project/FPGA_FINAL_PROJECT/GaussianFilter.vhd 2021/02/04.18:00:54 P.20131013
EN work/GaussianFilter 1612450044 \
      FL E:/Uni/term7/FPGA/Project/FPGA_FINAL_PROJECT/GaussianFilter.vhd \
      PB ieee/std_logic_1164 1381692176 PB ieee/std_logic_arith 1381692177 \
      PB ieee/STD_LOGIC_UNSIGNED 1381692179 PB ieee/NUMERIC_STD 1381692181 \
      PB std/TEXTIO 1381692176
AR work/GaussianFilter/Behavioral 1612450045 \
      FL E:/Uni/term7/FPGA/Project/FPGA_FINAL_PROJECT/GaussianFilter.vhd \
      EN work/GaussianFilter 1612450044
